Script started on 2022-02-23 15:52:55+01:00 [TERM="xterm-256color" TTY="/dev/pts/1" COLUMNS="80" LINES="57"]
]0;eduardo@eduardo-VirtualBox: ~/prpa[01;32meduardo@eduardo-VirtualBox[00m:[01;34m~/prpa[00m$ git clone git@github.com:edugarza/CritSectionSem.git
Cloning into 'CritSectionSem'...
remote: Enumerating objects: 5, done.[K
remote: Counting objects:  20% (1/5)[Kremote: Counting objects:  40% (2/5)[Kremote: Counting objects:  60% (3/5)[Kremote: Counting objects:  80% (4/5)[Kremote: Counting objects: 100% (5/5)[Kremote: Counting objects: 100% (5/5), done.[K
remote: Compressing objects:  25% (1/4)[Kremote: Compressing objects:  50% (2/4)[Kremote: Compressing objects:  75% (3/4)[Kremote: Compressing objects: 100% (4/4)[Kremote: Compressing objects: 100% (4/4), done.[K
Receiving objects:  20% (1/5)Receiving objects:  40% (2/5)Receiving objects:  60% (3/5)remote: Total 5 (delta 0), reused 0 (delta 0), pack-reused 0[K
Receiving objects:  80% (4/5)Receiving objects: 100% (5/5)Receiving objects: 100% (5/5), 13.46 KiB | 3.36 MiB/s, done.
]0;eduardo@eduardo-VirtualBox: ~/prpa[01;32meduardo@eduardo-VirtualBox[00m:[01;34m~/prpa[00m$ cp CritSectionSem2/
crit_boundedsemaphore.py  CritSectionSem.txt        
crit_lock.py              .git/                     
]0;eduardo@eduardo-VirtualBox: ~/prpa[01;32meduardo@eduardo-VirtualBox[00m:[01;34m~/prpa[00m$ cp CritSectionSem2/crit_boundedsemaphore.py c [A[C[C[C[C[C[C[C[C[C[C[C[C[C[C[C[C[C[C[C[C[C[C[C[C[C[C[C[C[C[C[C[C[C[C[C[C[C[C[C[C[C[C[C[C[C[C[C[C[C[C[C[C[C[C[C[C[C[C[C[C[C[C[C[C[C[C[C[C[C[C[C[C[C[C[C[C[C[C[C[K
[K[A[C[C[C[C[C[C[C[C[C[C[C[C[C[C[C[C[C[C[C[C[C[C[C[C[C[C[C[C[C[C[C[C[C[C[C[C[C[C[C[C[C[C[C[C[C[C[C[C[C[C[C[C[C[C[C[C[C[C[C[C[C[C[C[C[C[C[C[C[C[C[C[C[C[C[C[C[C[C[CC ritSectionSem2/crit_lock.py CritSectionSem
]0;eduardo@eduardo-VirtualBox: ~/prpa[01;32meduardo@eduardo-VirtualBox[00m:[01;34m~/prpa[00m$ cd CritSectionSem
]0;eduardo@eduardo-VirtualBox: ~/prpa/CritSectionSem[01;32meduardo@eduardo-VirtualBox[00m:[01;34m~/prpa/CritSectionSem[00m$ ls
crit_boundedsemaphore.py  crit_lock.py  LICENSE  README.md
]0;eduardo@eduardo-VirtualBox: ~/prpa/CritSectionSem[01;32meduardo@eduardo-VirtualBox[00m:[01;34m~/prpa/CritSectionSem[00m$ git stau[Ktus
On branch master
Your branch is up to date with 'origin/master'.

Untracked files:
  (use "git add <file>..." to include in what will be committed)
	[31mcrit_boundedsemaphore.py[m
	[31mcrit_lock.py[m

nothing added to commit but untracked files present (use "git add" to track)
]0;eduardo@eduardo-VirtualBox: ~/prpa/CritSectionSem[01;32meduardo@eduardo-VirtualBox[00m:[01;34m~/prpa/CritSectionSem[00m$ git add .
]0;eduardo@eduardo-VirtualBox: ~/prpa/CritSectionSem[01;32meduardo@eduardo-VirtualBox[00m:[01;34m~/prpa/CritSectionSem[00m$ git commit -m "commit inicial" [A[C[C[C[C[C[C[C[C[C[C[C[C[C[C[C[C[C[C[C[C[C[C[C[C[C[C[C[C[C[C[C[C[C[C[C[C[C[C[C[C[C[C[C[C[C[C[C[C[C[C[C[C[C[C[C[C[C[C[C[C[C[C[C[C[C[C[C[C[C[C[C[C[C[C[C[C[C[C[C[K"
[master a64cd5f] commit inicial
 2 files changed, 88 insertions(+)
 create mode 100644 crit_boundedsemaphore.py
 create mode 100644 crit_lock.py
]0;eduardo@eduardo-VirtualBox: ~/prpa/CritSectionSem[01;32meduardo@eduardo-VirtualBox[00m:[01;34m~/prpa/CritSectionSem[00m$ git push origin master
Enumerating objects: 5, done.
Counting objects:  20% (1/5)Counting objects:  40% (2/5)Counting objects:  60% (3/5)Counting objects:  80% (4/5)Counting objects: 100% (5/5)Counting objects: 100% (5/5), done.
Compressing objects:  25% (1/4)Compressing objects:  50% (2/4)Compressing objects:  75% (3/4)Compressing objects: 100% (4/4)Compressing objects: 100% (4/4), done.
Writing objects:  25% (1/4)Writing objects:  50% (2/4)Writing objects: 100% (4/4)Writing objects: 100% (4/4), 912 bytes | 912.00 KiB/s, done.
Total 4 (delta 1), reused 0 (delta 0)
remote: Resolving deltas:   0% (0/1)[Kremote: Resolving deltas: 100% (1/1)[Kremote: Resolving deltas: 100% (1/1), done.[K
To github.com:edugarza/CritSectionSem.git
   cf1c1f0..a64cd5f  master -> master
]0;eduardo@eduardo-VirtualBox: ~/prpa/CritSectionSem[01;32meduardo@eduardo-VirtualBox[00m:[01;34m~/prpa/CritSectionSem[00m$ exit

Script done on 2022-02-23 15:54:48+01:00 [COMMAND_EXIT_CODE="0"]
